// Jest Snapshot v1, https://goo.gl/fbAQLP

exports[`App Router Component should render without crashing 1`] = `ShallowWrapper {}`;
