// Jest Snapshot v1, https://goo.gl/fbAQLP

exports[`Add employee Component should render without crashing 1`] = `ShallowWrapper {}`;
